17186 futex(0x400005ef48, FUTEX_WAKE_PRIVATE, 1 <unfinished ...>
17183 <... futex resumed>)              = -1 EAGAIN (Try again)
17186 <... futex resumed>)              = 0
17183 nanosleep({tv_sec=0, tv_nsec=3000},  <unfinished ...>
17186 rt_sigprocmask(SIG_SETMASK, [KILL STOP RT_6 RT_7 RT_8 RT_9 RT_10 RT_11 RT_12 RT_13 RT_14 RT_15 RT_16 RT_17 RT_18 RT_19 RT_20 RT_21 RT_22 RT_23 RT_24 RT_25 RT_26 RT_27 RT_28 RT_29 RT_30 RT_31 RT_32], NULL, 8) = 0
17183 <... nanosleep resumed>NULL)      = 0
17186 futex(0x400005f648, FUTEX_WAKE_PRIVATE, 1 <unfinished ...>
17183 futex(0x40002a0148, FUTEX_WAKE_PRIVATE, 1 <unfinished ...>
17186 <... futex resumed>)              = 1
17184 <... futex resumed>)              = 0
17189 <... futex resumed>)              = 0
17186 futex(0x400005fd48, FUTEX_WAIT_PRIVATE, 0, NULL <unfinished ...>
17183 <... futex resumed>)              = 1
17189 futex(0x40002a0148, FUTEX_WAIT_PRIVATE, 0, NULL <unfinished ...>
17184 futex(0x400005f648, FUTEX_WAIT_PRIVATE, 0, NULL <unfinished ...>
17183 futex(0x4000100148, FUTEX_WAKE_PRIVATE, 1 <unfinished ...>
17185 <... futex resumed>)              = 0
17183 <... futex resumed>)              = 1
17185 futex(0x40002a0148, FUTEX_WAKE_PRIVATE, 1 <unfinished ...>
17183 futex(0x400005ef48, FUTEX_WAIT_PRIVATE, 0, NULL <unfinished ...>
17189 <... futex resumed>)              = 0
17185 <... futex resumed>)              = 1
17189 nanosleep({tv_sec=0, tv_nsec=3000},  <unfinished ...>
17185 futex(0x400005ef48, FUTEX_WAKE_PRIVATE, 1 <unfinished ...>
17189 <... nanosleep resumed>NULL)      = 0
17185 <... futex resumed>)              = 1
17183 <... futex resumed>)              = 0
17189 futex(0x400005f648, FUTEX_WAKE_PRIVATE, 1 <unfinished ...>
17185 futex(0x4000100148, FUTEX_WAIT_PRIVATE, 0, NULL <unfinished ...>
17183 futex(0x400005ef48, FUTEX_WAIT_PRIVATE, 0, NULL <unfinished ...>
17189 <... futex resumed>)              = 1
17184 <... futex resumed>)              = 0
17189 futex(0x400005fd48, FUTEX_WAKE_PRIVATE, 1 <unfinished ...>
17184 futex(0x400005f648, FUTEX_WAIT_PRIVATE, 0, NULL <unfinished ...>
17189 <... futex resumed>)              = 1
17186 <... futex resumed>)              = 0
17189 futex(0x40002a0148, FUTEX_WAIT_PRIVATE, 0, NULL <unfinished ...>
17186 futex(0x40002a0148, FUTEX_WAKE_PRIVATE, 1 <unfinished ...>
17189 <... futex resumed>)              = -1 EAGAIN (Try again)
17186 <... futex resumed>)              = 0
17189 nanosleep({tv_sec=0, tv_nsec=3000},  <unfinished ...>
17186 rt_sigprocmask(SIG_SETMASK, [KILL STOP RT_7 RT_8 RT_9 RT_10 RT_11 RT_12 RT_13 RT_14 RT_15 RT_16 RT_17 RT_18 RT_19 RT_20 RT_21 RT_22 RT_23 RT_24 RT_25 RT_26 RT_27 RT_28 RT_29 RT_30 RT_31 RT_32],  <unfinished ...>
17189 <... nanosleep resumed>NULL)      = 0
17186 <... rt_sigprocmask resumed>NULL, 8) = 0
17189 futex(0x400005f648, FUTEX_WAKE_PRIVATE, 1 <unfinished ...>
17186 futex(0x400005fd48, FUTEX_WAIT_PRIVATE, 0, NULL <unfinished ...>
17184 <... futex resumed>)              = 0
17189 <... futex resumed>)              = 1
17184 futex(0x400005f648, FUTEX_WAIT_PRIVATE, 0, NULL <unfinished ...>
17189 futex(0x4000100148, FUTEX_WAKE_PRIVATE, 1) = 1
17185 <... futex resumed>)              = 0
17189 futex(0x40002a0148, FUTEX_WAIT_PRIVATE, 0, NULL <unfinished ...>
17185 futex(0x40002a0148, FUTEX_WAKE_PRIVATE, 1 <unfinished ...>
17189 <... futex resumed>)              = -1 EAGAIN (Try again)
17185 <... futex resumed>)              = 0
17189 nanosleep({tv_sec=0, tv_nsec=3000},  <unfinished ...>
17185 futex(0x400005f648, FUTEX_WAKE_PRIVATE, 1) = 1
17184 <... futex resumed>)              = 0
17189 <... nanosleep resumed>NULL)      = 0
17185 futex(0x4000100148, FUTEX_WAIT_PRIVATE, 0, NULL <unfinished ...>
17184 futex(0x400005fd48, FUTEX_WAKE_PRIVATE, 1 <unfinished ...>
17189 futex(0x40002a0148, FUTEX_WAIT_PRIVATE, 0, NULL <unfinished ...>
17186 <... futex resumed>)              = 0
17184 <... futex resumed>)              = 1
17186 futex(0x40002a0148, FUTEX_WAKE_PRIVATE, 1 <unfinished ...>
17184 futex(0x400005f648, FUTEX_WAIT_PRIVATE, 0, NULL <unfinished ...>
17189 <... futex resumed>)              = 0
17186 <... futex resumed>)              = 1
17189 nanosleep({tv_sec=0, tv_nsec=3000},  <unfinished ...>
17186 rt_sigprocmask(SIG_SETMASK, [KILL STOP RT_8 RT_9 RT_10 RT_11 RT_12 RT_13 RT_14 RT_15 RT_16 RT_17 RT_18 RT_19 RT_20 RT_21 RT_22 RT_23 RT_24 RT_25 RT_26 RT_27 RT_28 RT_29 RT_30 RT_31 RT_32],  <unfinished ...>
17189 <... nanosleep resumed>NULL)      = 0
17186 <... rt_sigprocmask resumed>NULL, 8) = 0
17189 futex(0x400005f648, FUTEX_WAKE_PRIVATE, 1 <unfinished ...>
17182 <... nanosleep resumed>NULL)      = 0
17186 futex(0x400005fd48, FUTEX_WAIT_PRIVATE, 0, NULL <unfinished ...>
17184 <... futex resumed>)              = 0
17189 <... futex resumed>)              = 1
17182 epoll_pwait(4,  <unfinished ...>
17189 futex(0x4000100148, FUTEX_WAKE_PRIVATE, 1 <unfinished ...>
17184 futex(0x400005f648, FUTEX_WAIT_PRIVATE, 0, NULL <unfinished ...>
17185 <... futex resumed>)              = 0
17182 <... epoll_pwait resumed>[], 128, 0, NULL, 0) = 0
17189 <... futex resumed>)              = 1
17185 futex(0x400005f648, FUTEX_WAKE_PRIVATE, 1 <unfinished ...>
17189 futex(0x40002a0148, FUTEX_WAIT_PRIVATE, 0, NULL <unfinished ...>
17182 nanosleep({tv_sec=0, tv_nsec=10000000},  <unfinished ...>
17185 <... futex resumed>)              = 1
17184 <... futex resumed>)              = 0
17185 futex(0x40002a0148, FUTEX_WAKE_PRIVATE, 1 <unfinished ...>
17184 futex(0x400005ef48, FUTEX_WAKE_PRIVATE, 1 <unfinished ...>
17189 <... futex resumed>)              = 0
17185 <... futex resumed>)              = 1
17189 futex(0x40002a0148, FUTEX_WAIT_PRIVATE, 0, NULL <unfinished ...>
17184 <... futex resumed>)              = 1
17183 <... futex resumed>)              = 0
17185 futex(0x4000100148, FUTEX_WAIT_PRIVATE, 0, NULL <unfinished ...>
17184 futex(0x400005fd48, FUTEX_WAKE_PRIVATE, 1 <unfinished ...>
17183 futex(0x400005ef48, FUTEX_WAIT_PRIVATE, 0, NULL <unfinished ...>
17186 <... futex resumed>)              = 0
17184 <... futex resumed>)              = 1
17186 futex(0x400005ef48, FUTEX_WAKE_PRIVATE, 1 <unfinished ...>
17184 futex(0x400005f648, FUTEX_WAIT_PRIVATE, 0, NULL <unfinished ...>
17186 <... futex resumed>)              = 1
17183 <... futex resumed>)              = 0
17186 rt_sigprocmask(SIG_SETMASK, [KILL STOP RT_9 RT_10 RT_11 RT_12 RT_13 RT_14 RT_15 RT_16 RT_17 RT_18 RT_19 RT_20 RT_21 RT_22 RT_23 RT_24 RT_25 RT_26 RT_27 RT_28 RT_29 RT_30 RT_31 RT_32],  <unfinished ...>
17183 nanosleep({tv_sec=0, tv_nsec=3000},  <unfinished ...>
17186 <... rt_sigprocmask resumed>NULL, 8) = 0
17186 futex(0x400005f648, FUTEX_WAKE_PRIVATE, 1 <unfinished ...>
17183 <... nanosleep resumed>NULL)      = 0
17186 <... futex resumed>)              = 1
17184 <... futex resumed>)              = 0
17183 futex(0x40002a0148, FUTEX_WAKE_PRIVATE, 1 <unfinished ...>
17186 futex(0x400005fd48, FUTEX_WAIT_PRIVATE, 0, NULL <unfinished ...>
17184 futex(0x400005f648, FUTEX_WAIT_PRIVATE, 0, NULL <unfinished ...>
17189 <... futex resumed>)              = 0
17183 <... futex resumed>)              = 1
17189 futex(0x40002a0148, FUTEX_WAIT_PRIVATE, 0, NULL <unfinished ...>
17183 futex(0x4000100148, FUTEX_WAKE_PRIVATE, 1 <unfinished ...>
17185 <... futex resumed>)              = 0
17183 <... futex resumed>)              = 1
17185 futex(0x40002a0148, FUTEX_WAKE_PRIVATE, 1 <unfinished ...>
17183 futex(0x400005ef48, FUTEX_WAIT_PRIVATE, 0, NULL <unfinished ...>
17189 <... futex resumed>)              = 0
17185 <... futex resumed>)              = 1
17189 nanosleep({tv_sec=0, tv_nsec=3000},  <unfinished ...>
17185 futex(0x400005ef48, FUTEX_WAKE_PRIVATE, 1 <unfinished ...>
17189 <... nanosleep resumed>NULL)      = 0
17185 <... futex resumed>)              = 1
17183 <... futex resumed>)              = 0
17189 futex(0x400005f648, FUTEX_WAKE_PRIVATE, 1 <unfinished ...>
17185 futex(0x4000100148, FUTEX_WAIT_PRIVATE, 0, NULL <unfinished ...>
17189 <... futex resumed>)              = 1
17184 <... futex resumed>)              = 0
17183 futex(0x400005ef48, FUTEX_WAIT_PRIVATE, 0, NULL <unfinished ...>
17189 futex(0x400005fd48, FUTEX_WAKE_PRIVATE, 1 <unfinished ...>
17184 futex(0x400005f648, FUTEX_WAIT_PRIVATE, 0, NULL <unfinished ...>
17189 <... futex resumed>)              = 1
17186 <... futex resumed>)              = 0
17189 futex(0x40002a0148, FUTEX_WAIT_PRIVATE, 0, NULL <unfinished ...>
17186 futex(0x40002a0148, FUTEX_WAKE_PRIVATE, 1 <unfinished ...>
17189 <... futex resumed>)              = -1 EAGAIN (Try again)
17186 <... futex resumed>)              = 0
17189 nanosleep({tv_sec=0, tv_nsec=3000},  <unfinished ...>
17186 rt_sigprocmask(SIG_SETMASK, [KILL STOP RT_10 RT_11 RT_12 RT_13 RT_14 RT_15 RT_16 RT_17 RT_18 RT_19 RT_20 RT_21 RT_22 RT_23 RT_24 RT_25 RT_26 RT_27 RT_28 RT_29 RT_30 RT_31 RT_32],  <unfinished ...>
17189 <... nanosleep resumed>NULL)      = 0
17186 <... rt_sigprocmask resumed>NULL, 8) = 0
17189 futex(0x400005f648, FUTEX_WAKE_PRIVATE, 1 <unfinished ...>
17186 futex(0x400005fd48, FUTEX_WAIT_PRIVATE, 0, NULL <unfinished ...>
17189 <... futex resumed>)              = 1
17184 <... futex resumed>)              = 0
17189 futex(0x4000100148, FUTEX_WAKE_PRIVATE, 1 <unfinished ...>
17184 futex(0x400005f648, FUTEX_WAIT_PRIVATE, 0, NULL <unfinished ...>
17189 <... futex resumed>)              = 1
17185 <... futex resumed>)              = 0
17189 futex(0x40002a0148, FUTEX_WAIT_PRIVATE, 0, NULL <unfinished ...>
17185 futex(0x40002a0148, FUTEX_WAKE_PRIVATE, 1 <unfinished ...>
17189 <... futex resumed>)              = -1 EAGAIN (Try again)
17189 nanosleep({tv_sec=0, tv_nsec=3000},  <unfinished ...>
17185 <... futex resumed>)              = 0
17185 futex(0x400005f648, FUTEX_WAKE_PRIVATE, 1) = 1
17184 <... futex resumed>)              = 0
17185 futex(0x4000100148, FUTEX_WAIT_PRIVATE, 0, NULL <unfinished ...>
17184 futex(0x400005fd48, FUTEX_WAKE_PRIVATE, 1 <unfinished ...>
17186 <... futex resumed>)              = 0
17184 <... futex resumed>)              = 1
17186 rt_sigprocmask(SIG_SETMASK, [KILL STOP RT_11 RT_12 RT_13 RT_14 RT_15 RT_16 RT_17 RT_18 RT_19 RT_20 RT_21 RT_22 RT_23 RT_24 RT_25 RT_26 RT_27 RT_28 RT_29 RT_30 RT_31 RT_32],  <unfinished ...>
17184 futex(0x400005f648, FUTEX_WAIT_PRIVATE, 0, NULL <unfinished ...>
17186 <... rt_sigprocmask resumed>NULL, 8) = 0
17189 <... nanosleep resumed>NULL)      = 0
17189 futex(0x400005ef48, FUTEX_WAKE_PRIVATE, 1 <unfinished ...>
17186 futex(0x400005f648, FUTEX_WAKE_PRIVATE, 1 <unfinished ...>
17189 <... futex resumed>)              = 1
17186 <... futex resumed>)              = 1
17184 <... futex resumed>)              = 0
17183 <... futex resumed>)              = 0
17189 futex(0x4000100148, FUTEX_WAKE_PRIVATE, 1 <unfinished ...>
17184 futex(0x400005f648, FUTEX_WAIT_PRIVATE, 0, NULL <unfinished ...>
17189 <... futex resumed>)              = 1
17186 futex(0x400005fd48, FUTEX_WAIT_PRIVATE, 0, NULL <unfinished ...>
17183 futex(0x400005ef48, FUTEX_WAIT_PRIVATE, 0, NULL <unfinished ...>
17189 futex(0x40002a0148, FUTEX_WAIT_PRIVATE, 0, NULL <unfinished ...>
17185 <... futex resumed>)              = 0
17185 futex(0x40002a0148, FUTEX_WAKE_PRIVATE, 1 <unfinished ...>
17189 <... futex resumed>)              = 0
17185 <... futex resumed>)              = 1
17189 nanosleep({tv_sec=0, tv_nsec=3000},  <unfinished ...>
17185 futex(0x400005ef48, FUTEX_WAKE_PRIVATE, 1 <unfinished ...>
17189 <... nanosleep resumed>NULL)      = 0
17185 <... futex resumed>)              = 1
17183 <... futex resumed>)              = 0
17189 futex(0x400005f648, FUTEX_WAKE_PRIVATE, 1 <unfinished ...>
17185 futex(0x4000100148, FUTEX_WAIT_PRIVATE, 0, NULL <unfinished ...>
17184 <... futex resumed>)              = 0
17183 futex(0x400005ef48, FUTEX_WAIT_PRIVATE, 0, NULL <unfinished ...>
17189 <... futex resumed>)              = 1
17184 futex(0x400005f648, FUTEX_WAIT_PRIVATE, 0, NULL <unfinished ...>
17189 futex(0x400005fd48, FUTEX_WAKE_PRIVATE, 1) = 1
17186 <... futex resumed>)              = 0
17189 futex(0x40002a0148, FUTEX_WAIT_PRIVATE, 0, NULL <unfinished ...>
17186 futex(0x400005f648, FUTEX_WAKE_PRIVATE, 1) = 1
17184 <... futex resumed>)              = 0
17186 rt_sigprocmask(SIG_SETMASK, [KILL STOP RT_12 RT_13 RT_14 RT_15 RT_16 RT_17 RT_18 RT_19 RT_20 RT_21 RT_22 RT_23 RT_24 RT_25 RT_26 RT_27 RT_28 RT_29 RT_30 RT_31 RT_32],  <unfinished ...>
17184 nanosleep({tv_sec=0, tv_nsec=3000},  <unfinished ...>
17186 <... rt_sigprocmask resumed>NULL, 8) = 0
17186 futex(0x40002a0148, FUTEX_WAKE_PRIVATE, 1 <unfinished ...>
17184 <... nanosleep resumed>NULL)      = 0
17189 <... futex resumed>)              = 0
17186 <... futex resumed>)              = 1
17189 futex(0x40002a0148, FUTEX_WAIT_PRIVATE, 0, NULL <unfinished ...>
17186 futex(0x400005fd48, FUTEX_WAIT_PRIVATE, 0, NULL <unfinished ...>
17184 futex(0x400005ef48, FUTEX_WAKE_PRIVATE, 1) = 1
17184 futex(0x4000100148, FUTEX_WAKE_PRIVATE, 1 <unfinished ...>
17183 <... futex resumed>)              = 0
17185 <... futex resumed>)              = 0
17184 <... futex resumed>)              = 1
17183 futex(0x400005ef48, FUTEX_WAIT_PRIVATE, 0, NULL <unfinished ...>
17185 futex(0x400005ef48, FUTEX_WAKE_PRIVATE, 1 <unfinished ...>
17184 futex(0x400005f648, FUTEX_WAIT_PRIVATE, 0, NULL <unfinished ...>
17185 <... futex resumed>)              = 0
17183 <... futex resumed>)              = -1 EAGAIN (Try again)
17185 futex(0x400005f648, FUTEX_WAKE_PRIVATE, 1 <unfinished ...>
17183 futex(0x40002a0148, FUTEX_WAKE_PRIVATE, 1 <unfinished ...>
17185 <... futex resumed>)              = 1
17184 <... futex resumed>)              = 0
17189 <... futex resumed>)              = 0
17185 futex(0x4000100148, FUTEX_WAIT_PRIVATE, 0, NULL <unfinished ...>
17183 <... futex resumed>)              = 1
17189 futex(0x40002a0148, FUTEX_WAIT_PRIVATE, 0, NULL <unfinished ...>
17184 futex(0x400005f648, FUTEX_WAIT_PRIVATE, 0, NULL <unfinished ...>
17183 futex(0x400005fd48, FUTEX_WAKE_PRIVATE, 1 <unfinished ...>
17182 <... nanosleep resumed>NULL)      = 0
17186 <... futex resumed>)              = 0
17183 <... futex resumed>)              = 1
17186 futex(0x40002a0148, FUTEX_WAKE_PRIVATE, 1 <unfinished ...>
17182 epoll_pwait(4,  <unfinished ...>
17189 <... futex resumed>)              = 0
17186 <... futex resumed>)              = 1
17183 futex(0x400005ef48, FUTEX_WAIT_PRIVATE, 0, NULL <unfinished ...>
17189 nanosleep({tv_sec=0, tv_nsec=3000},  <unfinished ...>
17186 rt_sigprocmask(SIG_SETMASK, [KILL STOP RT_13 RT_14 RT_15 RT_16 RT_17 RT_18 RT_19 RT_20 RT_21 RT_22 RT_23 RT_24 RT_25 RT_26 RT_27 RT_28 RT_29 RT_30 RT_31 RT_32],  <unfinished ...>
17182 <... epoll_pwait resumed>[], 128, 0, NULL, 0) = 0
17186 <... rt_sigprocmask resumed>NULL, 8) = 0
17189 <... nanosleep resumed>NULL)      = 0
17182 nanosleep({tv_sec=0, tv_nsec=10000000},  <unfinished ...>
17189 futex(0x400005f648, FUTEX_WAKE_PRIVATE, 1 <unfinished ...>
17186 futex(0x400005ef48, FUTEX_WAKE_PRIVATE, 1 <unfinished ...>
17184 <... futex resumed>)              = 0
17189 <... futex resumed>)              = 1
17186 <... futex resumed>)              = 1
17183 <... futex resumed>)              = 0
17189 futex(0x4000100148, FUTEX_WAKE_PRIVATE, 1 <unfinished ...>
17186 futex(0x400005fd48, FUTEX_WAIT_PRIVATE, 0, NULL <unfinished ...>
17184 futex(0x400005f648, FUTEX_WAIT_PRIVATE, 0, NULL <unfinished ...>
17189 <... futex resumed>)              = 1
17185 <... futex resumed>)              = 0
17183 futex(0x400005ef48, FUTEX_WAIT_PRIVATE, 0, NULL <unfinished ...>
17189 futex(0x40002a0148, FUTEX_WAIT_PRIVATE, 0, NULL <unfinished ...>
17185 futex(0x40002a0148, FUTEX_WAKE_PRIVATE, 1 <unfinished ...>
17189 <... futex resumed>)              = -1 EAGAIN (Try again)
17185 <... futex resumed>)              = 0
17189 nanosleep({tv_sec=0, tv_nsec=3000},  <unfinished ...>
17185 futex(0x400005ef48, FUTEX_WAKE_PRIVATE, 1 <unfinished ...>
17189 <... nanosleep resumed>NULL)      = 0
17185 <... futex resumed>)              = 1
17183 <... futex resumed>)              = 0
17189 futex(0x400005f648, FUTEX_WAKE_PRIVATE, 1 <unfinished ...>
17185 futex(0x4000100148, FUTEX_WAIT_PRIVATE, 0, NULL <unfinished ...>
17184 <... futex resumed>)              = 0
17183 futex(0x400005ef48, FUTEX_WAIT_PRIVATE, 0, NULL <unfinished ...>
17189 <... futex resumed>)              = 1
17184 futex(0x400005f648, FUTEX_WAIT_PRIVATE, 0, NULL <unfinished ...>
17189 futex(0x400005fd48, FUTEX_WAKE_PRIVATE, 1) = 1
17186 <... futex resumed>)              = 0
17189 futex(0x40002a0148, FUTEX_WAIT_PRIVATE, 0, NULL <unfinished ...>
17186 futex(0x40002a0148, FUTEX_WAKE_PRIVATE, 1 <unfinished ...>
17189 <... futex resumed>)              = -1 EAGAIN (Try again)
17186 <... futex resumed>)              = 0
17189 nanosleep({tv_sec=0, tv_nsec=3000},  <unfinished ...>
17186 rt_sigprocmask(SIG_SETMASK, [KILL STOP RT_14 RT_15 RT_16 RT_17 RT_18 RT_19 RT_20 RT_21 RT_22 RT_23 RT_24 RT_25 RT_26 RT_27 RT_28 RT_29 RT_30 RT_31 RT_32],  <unfinished ...>
17189 <... nanosleep resumed>NULL)      = 0
17186 <... rt_sigprocmask resumed>NULL, 8) = 0
17189 futex(0x400005f648, FUTEX_WAKE_PRIVATE, 1 <unfinished ...>
17186 futex(0x400005fd48, FUTEX_WAIT_PRIVATE, 0, NULL <unfinished ...>
17189 <... futex resumed>)              = 1
17184 <... futex resumed>)              = 0
17189 futex(0x4000100148, FUTEX_WAKE_PRIVATE, 1 <unfinished ...>
17184 futex(0x400005f648, FUTEX_WAIT_PRIVATE, 0, NULL <unfinished ...>
17189 <... futex resumed>)              = 1
17185 <... futex resumed>)              = 0
17189 futex(0x40002a0148, FUTEX_WAIT_PRIVATE, 0, NULL <unfinished ...>
17185 futex(0x40002a0148, FUTEX_WAKE_PRIVATE, 1 <unfinished ...>
17189 <... futex resumed>)              = -1 EAGAIN (Try again)
17185 <... futex resumed>)              = 0
17189 nanosleep({tv_sec=0, tv_nsec=3000},  <unfinished ...>
17185 futex(0x400005f648, FUTEX_WAKE_PRIVATE, 1 <unfinished ...>
17189 <... nanosleep resumed>NULL)      = 0
17185 <... futex resumed>)              = 1
17184 <... futex resumed>)              = 0
17189 futex(0x400005ef48, FUTEX_WAKE_PRIVATE, 1 <unfinished ...>
17185 futex(0x4000100148, FUTEX_WAIT_PRIVATE, 0, NULL <unfinished ...>
17189 <... futex resumed>)              = 1
17184 futex(0x400005f648, FUTEX_WAIT_PRIVATE, 0, NULL <unfinished ...>
17183 <... futex resumed>)              = 0
17189 futex(0x400005fd48, FUTEX_WAKE_PRIVATE, 1 <unfinished ...>
17183 futex(0x400005ef48, FUTEX_WAIT_PRIVATE, 0, NULL <unfinished ...>
17186 <... futex resumed>)              = 0
17189 <... futex resumed>)              = 1
17186 futex(0x400005ef48, FUTEX_WAKE_PRIVATE, 1 <unfinished ...>
17189 futex(0x40002a0148, FUTEX_WAIT_PRIVATE, 0, NULL <unfinished ...>
17186 <... futex resumed>)              = 1
17183 <... futex resumed>)              = 0
17186 rt_sigprocmask(SIG_SETMASK, [KILL STOP RT_15 RT_16 RT_17 RT_18 RT_19 RT_20 RT_21 RT_22 RT_23 RT_24 RT_25 RT_26 RT_27 RT_28 RT_29 RT_30 RT_31 RT_32],  <unfinished ...>
17183 nanosleep({tv_sec=0, tv_nsec=3000},  <unfinished ...>
17186 <... rt_sigprocmask resumed>NULL, 8) = 0
17186 futex(0x40002a0148, FUTEX_WAKE_PRIVATE, 1 <unfinished ...>
17183 <... nanosleep resumed>NULL)      = 0
17189 <... futex resumed>)              = 0
17186 <... futex resumed>)              = 1
17189 futex(0x40002a0148, FUTEX_WAIT_PRIVATE, 0, NULL <unfinished ...>
17183 futex(0x400005f648, FUTEX_WAKE_PRIVATE, 1 <unfinished ...>
17186 futex(0x400005fd48, FUTEX_WAIT_PRIVATE, 0, NULL <unfinished ...>
17184 <... futex resumed>)              = 0
17183 <... futex resumed>)              = 1
17184 futex(0x400005f648, FUTEX_WAIT_PRIVATE, 0, NULL <unfinished ...>
17183 futex(0x4000100148, FUTEX_WAKE_PRIVATE, 1 <unfinished ...>
17185 <... futex resumed>)              = 0
17183 <... futex resumed>)              = 1
17185 futex(0x400005f648, FUTEX_WAKE_PRIVATE, 1 <unfinished ...>
17183 futex(0x400005ef48, FUTEX_WAIT_PRIVATE, 0, NULL <unfinished ...>
17185 <... futex resumed>)              = 1
17184 <... futex resumed>)              = 0
17185 futex(0x400005ef48, FUTEX_WAKE_PRIVATE, 1 <unfinished ...>
17184 futex(0x40002a0148, FUTEX_WAKE_PRIVATE, 1 <unfinished ...>
17185 <... futex resumed>)              = 1
17183 <... futex resumed>)              = 0
17189 <... futex resumed>)              = 0
17185 futex(0x4000100148, FUTEX_WAIT_PRIVATE, 0, NULL <unfinished ...>
17184 <... futex resumed>)              = 1
17189 futex(0x40002a0148, FUTEX_WAIT_PRIVATE, 0, NULL <unfinished ...>
17183 futex(0x400005ef48, FUTEX_WAIT_PRIVATE, 0, NULL <unfinished ...>
17184 futex(0x400005fd48, FUTEX_WAKE_PRIVATE, 1 <unfinished ...>
17186 <... futex resumed>)              = 0
17184 <... futex resumed>)              = 1
17186 futex(0x40002a0148, FUTEX_WAKE_PRIVATE, 1 <unfinished ...>
17184 futex(0x400005f648, FUTEX_WAIT_PRIVATE, 0, NULL <unfinished ...>
17189 <... futex resumed>)              = 0
17186 <... futex resumed>)              = 1
17189 nanosleep({tv_sec=0, tv_nsec=3000},  <unfinished ...>
17186 rt_sigprocmask(SIG_SETMASK, [KILL STOP RT_16 RT_17 RT_18 RT_19 RT_20 RT_21 RT_22 RT_23 RT_24 RT_25 RT_26 RT_27 RT_28 RT_29 RT_30 RT_31 RT_32], NULL, 8) = 0
17189 <... nanosleep resumed>NULL)      = 0
17186 futex(0x400005f648, FUTEX_WAKE_PRIVATE, 1 <unfinished ...>
17189 futex(0x400005ef48, FUTEX_WAKE_PRIVATE, 1 <unfinished ...>
17186 <... futex resumed>)              = 1
17184 <... futex resumed>)              = 0
17189 <... futex resumed>)              = 1
17186 futex(0x400005fd48, FUTEX_WAIT_PRIVATE, 0, NULL <unfinished ...>
17183 <... futex resumed>)              = 0
17189 futex(0x4000100148, FUTEX_WAKE_PRIVATE, 1 <unfinished ...>
17184 futex(0x400005f648, FUTEX_WAIT_PRIVATE, 0, NULL <unfinished ...>
17189 <... futex resumed>)              = 1
17185 <... futex resumed>)              = 0
17183 futex(0x400005ef48, FUTEX_WAIT_PRIVATE, 0, NULL <unfinished ...>
17189 futex(0x40002a0148, FUTEX_WAIT_PRIVATE, 0, NULL) = -1 EAGAIN (Try again)
17185 futex(0x40002a0148, FUTEX_WAKE_PRIVATE, 1 <unfinished ...>
17189 nanosleep({tv_sec=0, tv_nsec=3000},  <unfinished ...>
17185 <... futex resumed>)              = 0
17189 <... nanosleep resumed>NULL)      = 0
17185 futex(0x400005ef48, FUTEX_WAKE_PRIVATE, 1 <unfinished ...>
17189 futex(0x400005f648, FUTEX_WAKE_PRIVATE, 1 <unfinished ...>
17185 <... futex resumed>)              = 1
17183 <... futex resumed>)              = 0
17189 <... futex resumed>)              = 1
17185 futex(0x4000100148, FUTEX_WAIT_PRIVATE, 0, NULL <unfinished ...>
17184 <... futex resumed>)              = 0
17183 futex(0x400005ef48, FUTEX_WAIT_PRIVATE, 0, NULL <unfinished ...>
17189 futex(0x400005fd48, FUTEX_WAKE_PRIVATE, 1 <unfinished ...>
17184 futex(0x400005f648, FUTEX_WAIT_PRIVATE, 0, NULL <unfinished ...>
17189 <... futex resumed>)              = 1
17186 <... futex resumed>)              = 0
17189 futex(0x40002a0148, FUTEX_WAIT_PRIVATE, 0, NULL <unfinished ...>
17186 futex(0x40002a0148, FUTEX_WAKE_PRIVATE, 1 <unfinished ...>
17189 <... futex resumed>)              = -1 EAGAIN (Try again)
17186 <... futex resumed>)              = 0
17189 nanosleep({tv_sec=0, tv_nsec=3000},  <unfinished ...>
17186 rt_sigprocmask(SIG_SETMASK, [KILL STOP RT_17 RT_18 RT_19 RT_20 RT_21 RT_22 RT_23 RT_24 RT_25 RT_26 RT_27 RT_28 RT_29 RT_30 RT_31 RT_32], NULL, 8) = 0
17189 <... nanosleep resumed>NULL)      = 0
17186 futex(0x400005f648, FUTEX_WAKE_PRIVATE, 1 <unfinished ...>
17189 futex(0x400005ef48, FUTEX_WAKE_PRIVATE, 1 <unfinished ...>
17186 <... futex resumed>)              = 1
17184 <... futex resumed>)              = 0
17189 <... futex resumed>)              = 1
17186 futex(0x400005fd48, FUTEX_WAIT_PRIVATE, 0, NULL <unfinished ...>
17183 <... futex resumed>)              = 0
17189 futex(0x4000100148, FUTEX_WAKE_PRIVATE, 1 <unfinished ...>
17184 futex(0x400005f648, FUTEX_WAIT_PRIVATE, 0, NULL <unfinished ...>
17189 <... futex resumed>)              = 1
17185 <... futex resumed>)              = 0
17183 futex(0x400005ef48, FUTEX_WAIT_PRIVATE, 0, NULL <unfinished ...>
17189 futex(0x40002a0148, FUTEX_WAIT_PRIVATE, 0, NULL <unfinished ...>
17185 futex(0x40002a0148, FUTEX_WAKE_PRIVATE, 1 <unfinished ...>
17189 <... futex resumed>)              = -1 EAGAIN (Try again)
17185 <... futex resumed>)              = 0
17189 nanosleep({tv_sec=0, tv_nsec=3000},  <unfinished ...>
17185 futex(0x400005ef48, FUTEX_WAKE_PRIVATE, 1 <unfinished ...>
17189 <... nanosleep resumed>NULL)      = 0
17185 <... futex resumed>)              = 1
17183 <... futex resumed>)              = 0
17189 futex(0x400005f648, FUTEX_WAKE_PRIVATE, 1 <unfinished ...>
17185 futex(0x4000100148, FUTEX_WAIT_PRIVATE, 0, NULL <unfinished ...>
17189 <... futex resumed>)              = 1
17184 <... futex resumed>)              = 0
17183 futex(0x400005ef48, FUTEX_WAIT_PRIVATE, 0, NULL <unfinished ...>
17189 futex(0x400005fd48, FUTEX_WAKE_PRIVATE, 1) = 1
17184 futex(0x400005f648, FUTEX_WAIT_PRIVATE, 0, NULL <unfinished ...>
17189 futex(0x40002a0148, FUTEX_WAIT_PRIVATE, 0, NULL <unfinished ...>
17186 <... futex resumed>)              = 0
17186 futex(0x40002a0148, FUTEX_WAKE_PRIVATE, 1 <unfinished ...>
17189 <... futex resumed>)              = 0
17186 <... futex resumed>)              = 1
17189 nanosleep({tv_sec=0, tv_nsec=3000},  <unfinished ...>
17186 rt_sigprocmask(SIG_SETMASK, [KILL STOP RT_18 RT_19 RT_20 RT_21 RT_22 RT_23 RT_24 RT_25 RT_26 RT_27 RT_28 RT_29 RT_30 RT_31 RT_32], NULL, 8) = 0
17189 <... nanosleep resumed>NULL)      = 0
17186 futex(0x400005f648, FUTEX_WAKE_PRIVATE, 1 <unfinished ...>
17189 futex(0x400005ef48, FUTEX_WAKE_PRIVATE, 1 <unfinished ...>
17186 <... futex resumed>)              = 1
17184 <... futex resumed>)              = 0
17189 <... futex resumed>)              = 1
17186 futex(0x400005fd48, FUTEX_WAIT_PRIVATE, 0, NULL <unfinished ...>
17183 <... futex resumed>)              = 0
17189 futex(0x4000100148, FUTEX_WAKE_PRIVATE, 1 <unfinished ...>
17184 futex(0x400005f648, FUTEX_WAIT_PRIVATE, 0, NULL <unfinished ...>
17185 <... futex resumed>)              = 0
17183 futex(0x400005ef48, FUTEX_WAIT_PRIVATE, 0, NULL <unfinished ...>
17189 <... futex resumed>)              = 1
17185 futex(0x400005ef48, FUTEX_WAKE_PRIVATE, 1 <unfinished ...>
17189 futex(0x40002a0148, FUTEX_WAIT_PRIVATE, 0, NULL <unfinished ...>
17183 <... futex resumed>)              = -1 EAGAIN (Try again)
17185 <... futex resumed>)              = 0
17183 nanosleep({tv_sec=0, tv_nsec=3000},  <unfinished ...>
17185 futex(0x40002a0148, FUTEX_WAKE_PRIVATE, 1 <unfinished ...>
17183 <... nanosleep resumed>NULL)      = 0
17182 <... nanosleep resumed>NULL)      = 0
17189 <... futex resumed>)              = 0
17185 <... futex resumed>)              = 1
17183 futex(0x400005f648, FUTEX_WAKE_PRIVATE, 1 <unfinished ...>
17189 futex(0x40002a0148, FUTEX_WAIT_PRIVATE, 0, NULL <unfinished ...>
17185 futex(0x4000100148, FUTEX_WAIT_PRIVATE, 0, NULL <unfinished ...>
17182 epoll_pwait(4,  <unfinished ...>
17184 <... futex resumed>)              = 0
17183 <... futex resumed>)              = 1
17184 futex(0x400005f648, FUTEX_WAIT_PRIVATE, 0, NULL <unfinished ...>
17182 <... epoll_pwait resumed>[], 128, 0, NULL, 0) = 0
17183 futex(0x400005fd48, FUTEX_WAKE_PRIVATE, 1 <unfinished ...>
17182 nanosleep({tv_sec=0, tv_nsec=10000000},  <unfinished ...>
17186 <... futex resumed>)              = 0
17183 <... futex resumed>)              = 1
17186 futex(0x400005f648, FUTEX_WAKE_PRIVATE, 1 <unfinished ...>
17183 futex(0x400005ef48, FUTEX_WAIT_PRIVATE, 0, NULL <unfinished ...>
17186 <... futex resumed>)              = 1
17184 <... futex resumed>)              = 0
17186 rt_sigprocmask(SIG_SETMASK, [KILL STOP RT_19 RT_20 RT_21 RT_22 RT_23 RT_24 RT_25 RT_26 RT_27 RT_28 RT_29 RT_30 RT_31 RT_32],  <unfinished ...>
17184 nanosleep({tv_sec=0, tv_nsec=3000},  <unfinished ...>
17186 <... rt_sigprocmask resumed>NULL, 8) = 0
17186 futex(0x400005ef48, FUTEX_WAKE_PRIVATE, 1 <unfinished ...>
17184 <... nanosleep resumed>NULL)      = 0
17186 <... futex resumed>)              = 1
17183 <... futex resumed>)              = 0
17186 futex(0x400005fd48, FUTEX_WAIT_PRIVATE, 0, NULL <unfinished ...>
17184 futex(0x40002a0148, FUTEX_WAKE_PRIVATE, 1 <unfinished ...>
17183 futex(0x400005ef48, FUTEX_WAIT_PRIVATE, 0, NULL <unfinished ...>
17189 <... futex resumed>)              = 0
17184 <... futex resumed>)              = 1
17189 futex(0x40002a0148, FUTEX_WAIT_PRIVATE, 0, NULL <unfinished ...>
17184 futex(0x4000100148, FUTEX_WAKE_PRIVATE, 1 <unfinished ...>
17185 <... futex resumed>)              = 0
17184 <... futex resumed>)              = 1
17185 futex(0x40002a0148, FUTEX_WAKE_PRIVATE, 1 <unfinished ...>
17184 futex(0x400005f648, FUTEX_WAIT_PRIVATE, 0, NULL <unfinished ...>
17189 <... futex resumed>)              = 0
17185 <... futex resumed>)              = 1
17189 nanosleep({tv_sec=0, tv_nsec=3000},  <unfinished ...>
17185 futex(0x400005f648, FUTEX_WAKE_PRIVATE, 1 <unfinished ...>
17189 <... nanosleep resumed>NULL)      = 0
17185 <... futex resumed>)              = 1
17184 <... futex resumed>)              = 0
17189 futex(0x400005ef48, FUTEX_WAKE_PRIVATE, 1 <unfinished ...>
17185 futex(0x4000100148, FUTEX_WAIT_PRIVATE, 0, NULL <unfinished ...>
17184 futex(0x400005f648, FUTEX_WAIT_PRIVATE, 0, NULL <unfinished ...>
17183 <... futex resumed>)              = 0
17189 <... futex resumed>)              = 1
17183 futex(0x400005ef48, FUTEX_WAIT_PRIVATE, 0, NULL <unfinished ...>
17189 futex(0x400005fd48, FUTEX_WAKE_PRIVATE, 1 <unfinished ...>
17186 <... futex resumed>)              = 0
17189 <... futex resumed>)              = 1
17186 futex(0x400005ef48, FUTEX_WAKE_PRIVATE, 1 <unfinished ...>
17189 futex(0x40002a0148, FUTEX_WAIT_PRIVATE, 0, NULL <unfinished ...>
17186 <... futex resumed>)              = 1
17183 <... futex resumed>)              = 0
17186 rt_sigprocmask(SIG_SETMASK, [KILL STOP RT_20 RT_21 RT_22 RT_23 RT_24 RT_25 RT_26 RT_27 RT_28 RT_29 RT_30 RT_31 RT_32],  <unfinished ...>
17183 nanosleep({tv_sec=0, tv_nsec=3000},  <unfinished ...>
17186 <... rt_sigprocmask resumed>NULL, 8) = 0
17186 futex(0x40002a0148, FUTEX_WAKE_PRIVATE, 1 <unfinished ...>
17183 <... nanosleep resumed>NULL)      = 0
17189 <... futex resumed>)              = 0
17186 <... futex resumed>)              = 1
17189 futex(0x40002a0148, FUTEX_WAIT_PRIVATE, 0, NULL <unfinished ...>
17183 futex(0x400005f648, FUTEX_WAKE_PRIVATE, 1 <unfinished ...>
17186 futex(0x400005fd48, FUTEX_WAIT_PRIVATE, 0, NULL <unfinished ...>
17184 <... futex resumed>)              = 0
17183 <... futex resumed>)              = 1
17184 futex(0x400005f648, FUTEX_WAIT_PRIVATE, 0, NULL <unfinished ...>
17183 futex(0x4000100148, FUTEX_WAKE_PRIVATE, 1 <unfinished ...>
17185 <... futex resumed>)              = 0
17183 <... futex resumed>)              = 1
17185 futex(0x400005f648, FUTEX_WAKE_PRIVATE, 1 <unfinished ...>
17183 futex(0x400005ef48, FUTEX_WAIT_PRIVATE, 0, NULL <unfinished ...>
17185 <... futex resumed>)              = 1
17184 <... futex resumed>)              = 0
17185 futex(0x400005ef48, FUTEX_WAKE_PRIVATE, 1 <unfinished ...>
17184 futex(0x40002a0148, FUTEX_WAKE_PRIVATE, 1 <unfinished ...>
17185 <... futex resumed>)              = 1
17183 <... futex resumed>)              = 0
17189 <... futex resumed>)              = 0
17185 futex(0x4000100148, FUTEX_WAIT_PRIVATE, 0, NULL <unfinished ...>
17184 <... futex resumed>)              = 1
17189 futex(0x40002a0148, FUTEX_WAIT_PRIVATE, 0, NULL <unfinished ...>
17183 futex(0x400005ef48, FUTEX_WAIT_PRIVATE, 0, NULL <unfinished ...>
17184 futex(0x400005fd48, FUTEX_WAKE_PRIVATE, 1) = 1
17186 <... futex resumed>)              = 0
17184 futex(0x400005f648, FUTEX_WAIT_PRIVATE, 0, NULL <unfinished ...>
17186 futex(0x400005f648, FUTEX_WAKE_PRIVATE, 1 <unfinished ...>
17184 <... futex resumed>)              = -1 EAGAIN (Try again)
17186 <... futex resumed>)              = 0
17184 nanosleep({tv_sec=0, tv_nsec=3000},  <unfinished ...>
17186 rt_sigprocmask(SIG_SETMASK, [KILL STOP RT_21 RT_22 RT_23 RT_24 RT_25 RT_26 RT_27 RT_28 RT_29 RT_30 RT_31 RT_32], NULL, 8) = 0
17184 <... nanosleep resumed>NULL)      = 0
17186 futex(0x40002a0148, FUTEX_WAKE_PRIVATE, 1 <unfinished ...>
17184 futex(0x400005ef48, FUTEX_WAKE_PRIVATE, 1 <unfinished ...>
17189 <... futex resumed>)              = 0
17186 <... futex resumed>)              = 1
17189 futex(0x40002a0148, FUTEX_WAIT_PRIVATE, 0, NULL <unfinished ...>
17184 <... futex resumed>)              = 1
17183 <... futex resumed>)              = 0
17186 futex(0x400005fd48, FUTEX_WAIT_PRIVATE, 0, NULL <unfinished ...>
17184 futex(0x4000100148, FUTEX_WAKE_PRIVATE, 1 <unfinished ...>
17183 futex(0x400005ef48, FUTEX_WAIT_PRIVATE, 0, NULL <unfinished ...>
17185 <... futex resumed>)              = 0
17184 <... futex resumed>)              = 1
17185 futex(0x400005ef48, FUTEX_WAKE_PRIVATE, 1 <unfinished ...>
17184 futex(0x400005f648, FUTEX_WAIT_PRIVATE, 0, NULL <unfinished ...>
17185 <... futex resumed>)              = 1
17183 <... futex resumed>)              = 0
17185 futex(0x400005f648, FUTEX_WAKE_PRIVATE, 1 <unfinished ...>
17183 futex(0x40002a0148, FUTEX_WAKE_PRIVATE, 1 <unfinished ...>
17185 <... futex resumed>)              = 1
17184 <... futex resumed>)              = 0
17189 <... futex resumed>)              = 0
17185 futex(0x4000100148, FUTEX_WAIT_PRIVATE, 0, NULL <unfinished ...>
17183 <... futex resumed>)              = 1
17189 futex(0x40002a0148, FUTEX_WAIT_PRIVATE, 0, NULL <unfinished ...>
17184 futex(0x400005f648, FUTEX_WAIT_PRIVATE, 0, NULL <unfinished ...>
17183 futex(0x400005fd48, FUTEX_WAKE_PRIVATE, 1) = 1
17186 <... futex resumed>)              = 0
17183 futex(0x400005ef48, FUTEX_WAIT_PRIVATE, 0, NULL <unfinished ...>
17186 futex(0x400005ef48, FUTEX_WAKE_PRIVATE, 1 <unfinished ...>
17183 <... futex resumed>)              = -1 EAGAIN (Try again)
17186 <... futex resumed>)              = 0
17183 nanosleep({tv_sec=0, tv_nsec=3000},  <unfinished ...>
17186 rt_sigprocmask(SIG_SETMASK, [KILL STOP RT_22 RT_23 RT_24 RT_25 RT_26 RT_27 RT_28 RT_29 RT_30 RT_31 RT_32], NULL, 8) = 0
17186 futex(0x40002a0148, FUTEX_WAKE_PRIVATE, 1 <unfinished ...>
17183 <... nanosleep resumed>NULL)      = 0
17189 <... futex resumed>)              = 0
17186 <... futex resumed>)              = 1
17183 futex(0x400005f648, FUTEX_WAKE_PRIVATE, 1 <unfinished ...>
17189 futex(0x40002a0148, FUTEX_WAIT_PRIVATE, 0, NULL <unfinished ...>
17186 futex(0x400005fd48, FUTEX_WAIT_PRIVATE, 0, NULL <unfinished ...>
17184 <... futex resumed>)              = 0
17183 <... futex resumed>)              = 1
17184 futex(0x400005f648, FUTEX_WAIT_PRIVATE, 0, NULL <unfinished ...>
17183 futex(0x4000100148, FUTEX_WAKE_PRIVATE, 1 <unfinished ...>
17185 <... futex resumed>)              = 0
17183 <... futex resumed>)              = 1
17185 futex(0x400005f648, FUTEX_WAKE_PRIVATE, 1 <unfinished ...>
17183 futex(0x400005ef48, FUTEX_WAIT_PRIVATE, 0, NULL <unfinished ...>
17185 <... futex resumed>)              = 1
17184 <... futex resumed>)              = 0
17185 futex(0x400005ef48, FUTEX_WAKE_PRIVATE, 1 <unfinished ...>
17184 futex(0x40002a0148, FUTEX_WAKE_PRIVATE, 1 <unfinished ...>
17185 <... futex resumed>)              = 1
17183 <... futex resumed>)              = 0
17189 <... futex resumed>)              = 0
17185 futex(0x4000100148, FUTEX_WAIT_PRIVATE, 0, NULL <unfinished ...>
17184 <... futex resumed>)              = 1
17189 futex(0x40002a0148, FUTEX_WAIT_PRIVATE, 0, NULL <unfinished ...>
17183 futex(0x400005ef48, FUTEX_WAIT_PRIVATE, 0, NULL <unfinished ...>
17184 futex(0x400005fd48, FUTEX_WAKE_PRIVATE, 1 <unfinished ...>
17186 <... futex resumed>)              = 0
17184 <... futex resumed>)              = 1
17186 futex(0x40002a0148, FUTEX_WAKE_PRIVATE, 1 <unfinished ...>
17184 futex(0x400005f648, FUTEX_WAIT_PRIVATE, 0, NULL <unfinished ...>
17189 <... futex resumed>)              = 0
17186 <... futex resumed>)              = 1
17189 nanosleep({tv_sec=0, tv_nsec=3000},  <unfinished ...>
17186 rt_sigprocmask(SIG_SETMASK, [KILL STOP RT_23 RT_24 RT_25 RT_26 RT_27 RT_28 RT_29 RT_30 RT_31 RT_32],  <unfinished ...>
17189 <... nanosleep resumed>NULL)      = 0
17186 <... rt_sigprocmask resumed>NULL, 8) = 0
17189 futex(0x400005f648, FUTEX_WAKE_PRIVATE, 1 <unfinished ...>
17186 futex(0x400005fd48, FUTEX_WAIT_PRIVATE, 0, NULL <unfinished ...>
17189 <... futex resumed>)              = 1
17184 <... futex resumed>)              = 0
17189 futex(0x4000100148, FUTEX_WAKE_PRIVATE, 1 <unfinished ...>
17184 futex(0x400005f648, FUTEX_WAIT_PRIVATE, 0, NULL <unfinished ...>
17189 <... futex resumed>)              = 1
17185 <... futex resumed>)              = 0
17189 futex(0x40002a0148, FUTEX_WAIT_PRIVATE, 0, NULL <unfinished ...>
17185 futex(0x40002a0148, FUTEX_WAKE_PRIVATE, 1 <unfinished ...>
17189 <... futex resumed>)              = -1 EAGAIN (Try again)
17185 <... futex resumed>)              = 0
17189 nanosleep({tv_sec=0, tv_nsec=3000},  <unfinished ...>
17185 futex(0x400005f648, FUTEX_WAKE_PRIVATE, 1) = 1
17184 <... futex resumed>)              = 0
17189 <... nanosleep resumed>NULL)      = 0
17185 futex(0x4000100148, FUTEX_WAIT_PRIVATE, 0, NULL <unfinished ...>
17189 futex(0x40002a0148, FUTEX_WAIT_PRIVATE, 0, NULL <unfinished ...>
17184 futex(0x400005fd48, FUTEX_WAKE_PRIVATE, 1) = 1
17186 <... futex resumed>)              = 0
17184 futex(0x400005f648, FUTEX_WAIT_PRIVATE, 0, NULL <unfinished ...>
17186 futex(0x400005f648, FUTEX_WAKE_PRIVATE, 1) = 0
17184 <... futex resumed>)              = -1 EAGAIN (Try again)
17186 rt_sigprocmask(SIG_SETMASK, [KILL STOP RT_24 RT_25 RT_26 RT_27 RT_28 RT_29 RT_30 RT_31 RT_32],  <unfinished ...>
17184 nanosleep({tv_sec=0, tv_nsec=3000},  <unfinished ...>
17186 <... rt_sigprocmask resumed>NULL, 8) = 0
17186 futex(0x40002a0148, FUTEX_WAKE_PRIVATE, 1 <unfinished ...>
17189 <... futex resumed>)              = 0
17186 <... futex resumed>)              = 1
17184 <... nanosleep resumed>NULL)      = 0
17189 futex(0x4000100148, FUTEX_WAKE_PRIVATE, 1 <unfinished ...>
17186 futex(0x400005fd48, FUTEX_WAIT_PRIVATE, 0, NULL <unfinished ...>
17189 <... futex resumed>)              = 1
17184 futex(0x400005f648, FUTEX_WAIT_PRIVATE, 0, NULL <unfinished ...>
17189 futex(0x40002a0148, FUTEX_WAIT_PRIVATE, 0, NULL <unfinished ...>
17185 <... futex resumed>)              = 0
17185 futex(0x40002a0148, FUTEX_WAKE_PRIVATE, 1 <unfinished ...>
17182 <... nanosleep resumed>NULL)      = 0
17189 <... futex resumed>)              = 0
17185 <... futex resumed>)              = 1
17189 nanosleep({tv_sec=0, tv_nsec=3000},  <unfinished ...>
17182 epoll_pwait(4,  <unfinished ...>
17185 futex(0x400005f648, FUTEX_WAKE_PRIVATE, 1 <unfinished ...>
17182 <... epoll_pwait resumed>[], 128, 0, NULL, 0) = 0
17185 <... futex resumed>)              = 1
17189 <... nanosleep resumed>NULL)      = 0
17184 <... futex resumed>)              = 0
17182 nanosleep({tv_sec=0, tv_nsec=10000000},  <unfinished ...>
17189 futex(0x400005ef48, FUTEX_WAKE_PRIVATE, 1 <unfinished ...>
17185 futex(0x4000100148, FUTEX_WAIT_PRIVATE, 0, NULL <unfinished ...>
17184 futex(0x400005f648, FUTEX_WAIT_PRIVATE, 0, NULL <unfinished ...>
17183 <... futex resumed>)              = 0
17189 <... futex resumed>)              = 1
17183 futex(0x400005ef48, FUTEX_WAIT_PRIVATE, 0, NULL <unfinished ...>
17189 futex(0x400005fd48, FUTEX_WAKE_PRIVATE, 1) = 1
17186 <... futex resumed>)              = 0
17189 futex(0x40002a0148, FUTEX_WAIT_PRIVATE, 0, NULL <unfinished ...>
17186 futex(0x40002a0148, FUTEX_WAKE_PRIVATE, 1 <unfinished ...>
17189 <... futex resumed>)              = -1 EAGAIN (Try again)
17186 <... futex resumed>)              = 0
17189 nanosleep({tv_sec=0, tv_nsec=3000},  <unfinished ...>
17186 rt_sigprocmask(SIG_SETMASK, [KILL STOP RT_25 RT_26 RT_27 RT_28 RT_29 RT_30 RT_31 RT_32],  <unfinished ...>
17189 <... nanosleep resumed>NULL)      = 0
17186 <... rt_sigprocmask resumed>NULL, 8) = 0
17189 futex(0x400005ef48, FUTEX_WAKE_PRIVATE, 1 <unfinished ...>
17186 futex(0x400005fd48, FUTEX_WAIT_PRIVATE, 0, NULL <unfinished ...>
17189 <... futex resumed>)              = 1
17183 <... futex resumed>)              = 0
17189 futex(0x4000100148, FUTEX_WAKE_PRIVATE, 1 <unfinished ...>
17183 futex(0x400005ef48, FUTEX_WAIT_PRIVATE, 0, NULL <unfinished ...>
17189 <... futex resumed>)              = 1
17185 <... futex resumed>)              = 0
17189 futex(0x40002a0148, FUTEX_WAIT_PRIVATE, 0, NULL <unfinished ...>
17185 futex(0x40002a0148, FUTEX_WAKE_PRIVATE, 1 <unfinished ...>
17189 <... futex resumed>)              = -1 EAGAIN (Try again)
17185 <... futex resumed>)              = 0
17189 nanosleep({tv_sec=0, tv_nsec=3000},  <unfinished ...>
17185 futex(0x400005ef48, FUTEX_WAKE_PRIVATE, 1 <unfinished ...>
17189 <... nanosleep resumed>NULL)      = 0
17185 <... futex resumed>)              = 1
17183 <... futex resumed>)              = 0
17189 futex(0x400005f648, FUTEX_WAKE_PRIVATE, 1 <unfinished ...>
17185 futex(0x4000100148, FUTEX_WAIT_PRIVATE, 0, NULL <unfinished ...>
17184 <... futex resumed>)              = 0
17183 futex(0x400005ef48, FUTEX_WAIT_PRIVATE, 0, NULL <unfinished ...>
17189 <... futex resumed>)              = 1
17184 futex(0x400005f648, FUTEX_WAIT_PRIVATE, 0, NULL <unfinished ...>
17189 futex(0x400005fd48, FUTEX_WAKE_PRIVATE, 1) = 1
17186 <... futex resumed>)              = 0
17189 futex(0x40002a0148, FUTEX_WAIT_PRIVATE, 0, NULL <unfinished ...>
17186 futex(0x400005f648, FUTEX_WAKE_PRIVATE, 1) = 1
17184 <... futex resumed>)              = 0
17186 rt_sigprocmask(SIG_SETMASK, [KILL STOP RT_26 RT_27 RT_28 RT_29 RT_30 RT_31 RT_32],  <unfinished ...>
17184 nanosleep({tv_sec=0, tv_nsec=3000},  <unfinished ...>
17186 <... rt_sigprocmask resumed>NULL, 8) = 0
17186 futex(0x40002a0148, FUTEX_WAKE_PRIVATE, 1 <unfinished ...>
17184 <... nanosleep resumed>NULL)      = 0
17189 <... futex resumed>)              = 0
17186 <... futex resumed>)              = 1
17189 futex(0x40002a0148, FUTEX_WAIT_PRIVATE, 0, NULL <unfinished ...>
17184 futex(0x400005ef48, FUTEX_WAKE_PRIVATE, 1 <unfinished ...>
17186 futex(0x400005fd48, FUTEX_WAIT_PRIVATE, 0, NULL <unfinished ...>
17184 <... futex resumed>)              = 1
17183 <... futex resumed>)              = 0
17184 futex(0x4000100148, FUTEX_WAKE_PRIVATE, 1 <unfinished ...>
17183 futex(0x400005ef48, FUTEX_WAIT_PRIVATE, 0, NULL <unfinished ...>
17185 <... futex resumed>)              = 0
17184 <... futex resumed>)              = 1
17185 futex(0x400005f648, FUTEX_WAKE_PRIVATE, 1 <unfinished ...>
17184 futex(0x400005f648, FUTEX_WAIT_PRIVATE, 0, NULL <unfinished ...>
17185 <... futex resumed>)              = 0
17184 <... futex resumed>)              = -1 EAGAIN (Try again)
17185 futex(0x400005ef48, FUTEX_WAKE_PRIVATE, 1 <unfinished ...>
17184 futex(0x40002a0148, FUTEX_WAKE_PRIVATE, 1 <unfinished ...>
17185 <... futex resumed>)              = 1
17183 <... futex resumed>)              = 0
17189 <... futex resumed>)              = 0
17185 futex(0x4000100148, FUTEX_WAIT_PRIVATE, 0, NULL <unfinished ...>
17184 <... futex resumed>)              = 1
17183 futex(0x400005ef48, FUTEX_WAIT_PRIVATE, 0, NULL <unfinished ...>
17189 futex(0x40002a0148, FUTEX_WAIT_PRIVATE, 0, NULL <unfinished ...>
17184 futex(0x400005fd48, FUTEX_WAKE_PRIVATE, 1 <unfinished ...>
17186 <... futex resumed>)              = 0
17184 <... futex resumed>)              = 1
17186 futex(0x40002a0148, FUTEX_WAKE_PRIVATE, 1 <unfinished ...>
17184 futex(0x400005f648, FUTEX_WAIT_PRIVATE, 0, NULL <unfinished ...>
17189 <... futex resumed>)              = 0
17186 <... futex resumed>)              = 1
17189 nanosleep({tv_sec=0, tv_nsec=3000},  <unfinished ...>
17186 rt_sigprocmask(SIG_SETMASK, [KILL STOP RT_27 RT_28 RT_29 RT_30 RT_31 RT_32],  <unfinished ...>
17189 <... nanosleep resumed>NULL)      = 0
17186 <... rt_sigprocmask resumed>NULL, 8) = 0
17189 futex(0x400005f648, FUTEX_WAKE_PRIVATE, 1 <unfinished ...>
17186 futex(0x400005fd48, FUTEX_WAIT_PRIVATE, 0, NULL <unfinished ...>
17189 <... futex resumed>)              = 1
17184 <... futex resumed>)              = 0
17189 futex(0x4000100148, FUTEX_WAKE_PRIVATE, 1 <unfinished ...>
17184 futex(0x400005f648, FUTEX_WAIT_PRIVATE, 0, NULL <unfinished ...>
17189 <... futex resumed>)              = 1
17185 <... futex resumed>)              = 0
17189 futex(0x40002a0148, FUTEX_WAIT_PRIVATE, 0, NULL <unfinished ...>
17185 futex(0x40002a0148, FUTEX_WAKE_PRIVATE, 1 <unfinished ...>
17189 <... futex resumed>)              = -1 EAGAIN (Try again)
17185 <... futex resumed>)              = 0
17189 nanosleep({tv_sec=0, tv_nsec=3000},  <unfinished ...>
17185 futex(0x400005f648, FUTEX_WAKE_PRIVATE, 1 <unfinished ...>
17189 <... nanosleep resumed>NULL)      = 0
17185 <... futex resumed>)              = 1
17184 <... futex resumed>)              = 0
17189 futex(0x400005ef48, FUTEX_WAKE_PRIVATE, 1 <unfinished ...>
17185 futex(0x4000100148, FUTEX_WAIT_PRIVATE, 0, NULL <unfinished ...>
17184 futex(0x400005f648, FUTEX_WAIT_PRIVATE, 0, NULL <unfinished ...>
17183 <... futex resumed>)              = 0
17189 <... futex resumed>)              = 1
17183 futex(0x400005ef48, FUTEX_WAIT_PRIVATE, 0, NULL <unfinished ...>
17189 futex(0x400005fd48, FUTEX_WAKE_PRIVATE, 1) = 1
17186 <... futex resumed>)              = 0
17189 futex(0x40002a0148, FUTEX_WAIT_PRIVATE, 0, NULL <unfinished ...>
17186 futex(0x40002a0148, FUTEX_WAKE_PRIVATE, 1) = 0
17189 <... futex resumed>)              = -1 EAGAIN (Try again)
17186 rt_sigprocmask(SIG_SETMASK, [KILL STOP RT_28 RT_29 RT_30 RT_31 RT_32],  <unfinished ...>
17189 nanosleep({tv_sec=0, tv_nsec=3000},  <unfinished ...>
17186 <... rt_sigprocmask resumed>NULL, 8) = 0
17189 <... nanosleep resumed>NULL)      = 0
17186 futex(0x400005ef48, FUTEX_WAKE_PRIVATE, 1) = 1
17183 <... futex resumed>)              = 0
17189 futex(0x400005f648, FUTEX_WAKE_PRIVATE, 1 <unfinished ...>
17186 futex(0x400005fd48, FUTEX_WAIT_PRIVATE, 0, NULL <unfinished ...>
17189 <... futex resumed>)              = 1
17189 futex(0x4000100148, FUTEX_WAKE_PRIVATE, 1 <unfinished ...>
17184 <... futex resumed>)              = 0
17183 futex(0x400005ef48, FUTEX_WAIT_PRIVATE, 0, NULL <unfinished ...>
17189 <... futex resumed>)              = 1
17184 futex(0x400005f648, FUTEX_WAIT_PRIVATE, 0, NULL <unfinished ...>
17189 futex(0x40002a0148, FUTEX_WAIT_PRIVATE, 0, NULL <unfinished ...>
17185 <... futex resumed>)              = 0
17185 futex(0x40002a0148, FUTEX_WAKE_PRIVATE, 1 <unfinished ...>
17189 <... futex resumed>)              = 0
17185 <... futex resumed>)              = 1
17189 nanosleep({tv_sec=0, tv_nsec=3000},  <unfinished ...>
17185 futex(0x400005f648, FUTEX_WAKE_PRIVATE, 1 <unfinished ...>
17189 <... nanosleep resumed>NULL)      = 0
17185 <... futex resumed>)              = 1
17184 <... futex resumed>)              = 0
17189 futex(0x400005ef48, FUTEX_WAKE_PRIVATE, 1 <unfinished ...>
17185 futex(0x4000100148, FUTEX_WAIT_PRIVATE, 0, NULL <unfinished ...>
17184 futex(0x400005f648, FUTEX_WAIT_PRIVATE, 0, NULL <unfinished ...>
17183 <... futex resumed>)              = 0
17189 <... futex resumed>)              = 1
17183 futex(0x400005ef48, FUTEX_WAIT_PRIVATE, 0, NULL <unfinished ...>
17189 futex(0x400005fd48, FUTEX_WAKE_PRIVATE, 1) = 1
17186 <... futex resumed>)              = 0
17189 futex(0x40002a0148, FUTEX_WAIT_PRIVATE, 0, NULL <unfinished ...>
17186 futex(0x40002a0148, FUTEX_WAKE_PRIVATE, 1 <unfinished ...>
17189 <... futex resumed>)              = -1 EAGAIN (Try again)
17186 <... futex resumed>)              = 0
17189 nanosleep({tv_sec=0, tv_nsec=3000},  <unfinished ...>
17186 rt_sigprocmask(SIG_SETMASK, [KILL STOP RT_29 RT_30 RT_31 RT_32],  <unfinished ...>
17182 <... nanosleep resumed>NULL)      = 0
17186 <... rt_sigprocmask resumed>NULL, 8) = 0
17182 epoll_pwait(4,  <unfinished ...>
17189 <... nanosleep resumed>NULL)      = 0
17186 futex(0x400005ef48, FUTEX_WAKE_PRIVATE, 1 <unfinished ...>
17189 futex(0x400005f648, FUTEX_WAKE_PRIVATE, 1 <unfinished ...>
17182 <... epoll_pwait resumed>[], 128, 0, NULL, 0) = 0
17189 <... futex resumed>)              = 1
17186 <... futex resumed>)              = 1
17184 <... futex resumed>)              = 0
17183 <... futex resumed>)              = 0
17182 nanosleep({tv_sec=0, tv_nsec=10000000},  <unfinished ...>
17189 futex(0x4000100148, FUTEX_WAKE_PRIVATE, 1 <unfinished ...>
17186 futex(0x400005fd48, FUTEX_WAIT_PRIVATE, 0, NULL <unfinished ...>
17184 futex(0x400005f648, FUTEX_WAIT_PRIVATE, 0, NULL <unfinished ...>
17183 futex(0x400005ef48, FUTEX_WAIT_PRIVATE, 0, NULL <unfinished ...>
17189 <... futex resumed>)              = 1
17185 <... futex resumed>)              = 0
17189 futex(0x40002a0148, FUTEX_WAIT_PRIVATE, 0, NULL <unfinished ...>
17185 futex(0x40002a0148, FUTEX_WAKE_PRIVATE, 1 <unfinished ...>
17189 <... futex resumed>)              = -1 EAGAIN (Try again)
17185 <... futex resumed>)              = 0
17189 nanosleep({tv_sec=0, tv_nsec=3000},  <unfinished ...>
17185 futex(0x400005f648, FUTEX_WAKE_PRIVATE, 1 <unfinished ...>
17189 <... nanosleep resumed>NULL)      = 0
17185 <... futex resumed>)              = 1
17184 <... futex resumed>)              = 0
17189 futex(0x400005ef48, FUTEX_WAKE_PRIVATE, 1 <unfinished ...>
17185 futex(0x4000100148, FUTEX_WAIT_PRIVATE, 0, NULL <unfinished ...>
17184 futex(0x400005f648, FUTEX_WAIT_PRIVATE, 0, NULL <unfinished ...>
17183 <... futex resumed>)              = 0
17189 <... futex resumed>)              = 1
17183 futex(0x400005ef48, FUTEX_WAIT_PRIVATE, 0, NULL <unfinished ...>
17189 futex(0x400005fd48, FUTEX_WAKE_PRIVATE, 1) = 1
17186 <... futex resumed>)              = 0
17189 futex(0x40002a0148, FUTEX_WAIT_PRIVATE, 0, NULL <unfinished ...>
17186 futex(0x40002a0148, FUTEX_WAKE_PRIVATE, 1 <unfinished ...>
17189 <... futex resumed>)              = -1 EAGAIN (Try again)
17189 nanosleep({tv_sec=0, tv_nsec=3000},  <unfinished ...>
17186 <... futex resumed>)              = 0
17189 <... nanosleep resumed>NULL)      = 0
17186 rt_sigprocmask(SIG_SETMASK, [KILL STOP RT_30 RT_31 RT_32], NULL, 8) = 0
17189 futex(0x400005ef48, FUTEX_WAKE_PRIVATE, 1 <unfinished ...>
17186 futex(0x400005fd48, FUTEX_WAIT_PRIVATE, 0, NULL <unfinished ...>
17189 <... futex resumed>)              = 1
17189 futex(0x4000100148, FUTEX_WAKE_PRIVATE, 1 <unfinished ...>
17183 <... futex resumed>)              = 0
